Archive member included to satisfy reference by file (symbol)

C:/Program Files/SEGGER/SEGGER Embedded Studio for RISC-V 6.10/lib/libc_rv32imac_balanced.a(prinops_scanops_rtt.o)
                              (ungetc_rtt)
C:/Program Files/SEGGER/SEGGER Embedded Studio for RISC-V 6.10/lib/libc_rv32imac_balanced.a(SEGGER_RTT.o)
                              C:/Program Files/SEGGER/SEGGER Embedded Studio for RISC-V 6.10/lib/libc_rv32imac_balanced.a(prinops_scanops_rtt.o) (SEGGER_RTT_Read)
C:/Program Files/SEGGER/SEGGER Embedded Studio for RISC-V 6.10/lib/libc_rv32imac_balanced.a(prinops.o)
                              C:/Program Files/SEGGER/SEGGER Embedded Studio for RISC-V 6.10/lib/libc_rv32imac_balanced.a(prinops_scanops_rtt.o) (__SEGGER_RTL_init_prin)
C:/Program Files/SEGGER/SEGGER Embedded Studio for RISC-V 6.10/lib/libc_rv32imac_balanced.a(__SEGGER_RTL_vfprintf_int_nwp.o)
                              (__SEGGER_RTL_vfprintf_int_nwp)
C:/Program Files/SEGGER/SEGGER Embedded Studio for RISC-V 6.10/lib/libc_rv32imac_balanced.a(__SEGGER_RTL_vfscanf_int.o)
                              (__SEGGER_RTL_vfscanf_int)
C:/Program Files/SEGGER/SEGGER Embedded Studio for RISC-V 6.10/lib/libc_rv32imac_balanced.a(intops.o)
                              C:/Program Files/SEGGER/SEGGER Embedded Studio for RISC-V 6.10/lib/libc_rv32imac_balanced.a(__SEGGER_RTL_vfprintf_int_nwp.o) (__udivdi3)
C:/Program Files/SEGGER/SEGGER Embedded Studio for RISC-V 6.10/lib/libc_rv32imac_balanced.a(mbops.o)
                              C:/Program Files/SEGGER/SEGGER Embedded Studio for RISC-V 6.10/lib/libc_rv32imac_balanced.a(prinops.o) (__SEGGER_RTL_init_mbstate)
C:/Program Files/SEGGER/SEGGER Embedded Studio for RISC-V 6.10/lib/libc_rv32imac_balanced.a(sortops.o)
                              C:/Program Files/SEGGER/SEGGER Embedded Studio for RISC-V 6.10/lib/libc_rv32imac_balanced.a(mbops.o) (bsearch)
C:/Program Files/SEGGER/SEGGER Embedded Studio for RISC-V 6.10/lib/libc_rv32imac_balanced.a(strops.o)
                              C:/Program Files/SEGGER/SEGGER Embedded Studio for RISC-V 6.10/lib/libc_rv32imac_balanced.a(SEGGER_RTT.o) (memcpy)
C:/Program Files/SEGGER/SEGGER Embedded Studio for RISC-V 6.10/lib/libc_rv32imac_balanced.a(timeops.o)
                              C:/Program Files/SEGGER/SEGGER Embedded Studio for RISC-V 6.10/lib/libc_rv32imac_balanced.a(mbops.o) (__SEGGER_RTL_string_list_encode)
C:/Program Files/SEGGER/SEGGER Embedded Studio for RISC-V 6.10/lib/libc_rv32imac_balanced.a(utilops.o)
                              C:/Program Files/SEGGER/SEGGER Embedded Studio for RISC-V 6.10/lib/libc_rv32imac_balanced.a(__SEGGER_RTL_vfscanf_int.o) (__SEGGER_RTL_digit)
C:/Program Files/SEGGER/SEGGER Embedded Studio for RISC-V 6.10/lib/libc_rv32imac_balanced.a(floatasmops_rv.o)
                              C:/Program Files/SEGGER/SEGGER Embedded Studio for RISC-V 6.10/lib/libc_rv32imac_balanced.a(utilops.o) (__mulsf3)
C:/Program Files/SEGGER/SEGGER Embedded Studio for RISC-V 6.10/lib/libc_rv32imac_balanced.a(strasmops_rv.o)
                              C:/Program Files/SEGGER/SEGGER Embedded Studio for RISC-V 6.10/lib/libc_rv32imac_balanced.a(strops.o) (strcpy)
C:/Program Files/SEGGER/SEGGER Embedded Studio for RISC-V 6.10/lib/libc_rv32imac_balanced.a(errno.o)
                              C:/Program Files/SEGGER/SEGGER Embedded Studio for RISC-V 6.10/lib/libc_rv32imac_balanced.a(mbops.o) (__SEGGER_RTL_X_errno_addr)
C:/Program Files/SEGGER/SEGGER Embedded Studio for RISC-V 6.10/lib/libc_rv32imac_balanced.a(heapops.o)
                              C:/Program Files/SEGGER/SEGGER Embedded Studio for RISC-V 6.10/lib/libc_rv32imac_balanced.a(mbops.o) (malloc)

Discarded input sections

 .text          0x0000000000000000        0x0 Output/Release/Obj/gpio_demo/main.o
 .data          0x0000000000000000        0x0 Output/Release/Obj/gpio_demo/main.o
 .bss           0x0000000000000000        0x0 Output/Release/Obj/gpio_demo/main.o
 .text          0x0000000000000000        0x0 Output/Release/Obj/gpio_demo/gd32vf103_gpio.o
 .data          0x0000000000000000        0x0 Output/Release/Obj/gpio_demo/gd32vf103_gpio.o
 .bss           0x0000000000000000        0x0 Output/Release/Obj/gpio_demo/gd32vf103_gpio.o
 .text.gpio_deinit
                0x0000000000000000       0xc6 Output/Release/Obj/gpio_demo/gd32vf103_gpio.o
 .text.gpio_afio_deinit
                0x0000000000000000       0x20 Output/Release/Obj/gpio_demo/gd32vf103_gpio.o
 .text.gpio_bit_set
                0x0000000000000000        0x4 Output/Release/Obj/gpio_demo/gd32vf103_gpio.o
 .text.gpio_bit_reset
                0x0000000000000000        0x4 Output/Release/Obj/gpio_demo/gd32vf103_gpio.o
 .text.gpio_port_write
                0x0000000000000000        0x4 Output/Release/Obj/gpio_demo/gd32vf103_gpio.o
 .text.gpio_input_port_get
                0x0000000000000000        0x8 Output/Release/Obj/gpio_demo/gd32vf103_gpio.o
 .text.gpio_output_bit_get
[...]
Memory Configuration

Name             Origin             Length             Attributes
UNPLACED_SECTIONS 0x0000000100000000 0x0000000000000000 xw
FLASH1           0x0000000008000000 0x0000000000020000 xr
RAM1             0x0000000020000000 0x0000000000008000 xw
*default*        0x0000000000000000 0xffffffffffffffff

Linker script and memory map

                0x0000000000000000                __SEGGER_RTL_vfprintf = __SEGGER_RTL_vfprintf_int_nwp
                0x0000000000000000                __SEGGER_RTL_vfscanf = __SEGGER_RTL_vfscanf_int
                0x0000000000000000                ungetc = ungetc_rtt
                0x0000000000000000                getchar = getchar_rtt
                0x0000000000000000                putchar = putchar_rtt
                0x0000000000000000                gets = gets_rtt
                0x0000000000000000                puts = puts_rtt
                0x0000000000000000                printf = printf_rtt
                0x0000000000000000                scanf = scanf_rtt
                0x0000000000000000                vprintf = vprintf_rtt
                0x0000000000000000                vscanf = vscanf_rtt
                0x0000000000000000                __SEGGER_RTL_X_file_read = __SEGGER_RTL_X_file_read_rtt
                0x0000000000000000                __SEGGER_RTL_X_file_write = __SEGGER_RTL_X_file_write_rtt
                0x0000000000000000                __SEGGER_RTL_X_file_unget = __SEGGER_RTL_X_file_unget_rtt
                0x0000000008000000                __FLASH1_segment_start__ = 0x8000000
                0x0000000008020000                __FLASH1_segment_end__ = 0x8020000
                0x0000000000020000                __FLASH1_segment_size__ = 0x20000
                0x0000000020000000                __RAM1_segment_start__ = 0x20000000
                0x0000000020008000                __RAM1_segment_end__ = 0x20008000
                0x0000000000008000                __RAM1_segment_size__ = 0x8000
                0x0000000000000400                __HEAPSIZE__ = 0x400
                0x0000000000000400                __STACKSIZE__ = 0x400
                0x0000000008000000                __vectors_load_start__ = __FLASH1_segment_start__

.vectors        0x0000000008000000      0x15e
                0x0000000008000000                __vectors_start__ = .
 *(.vectors .vectors.*)
 .vectors       0x0000000008000000      0x15e Output/Release/Obj/gpio_demo/GD32VF1xx_Startup.o
                0x0000000008000000                vector_base
                0x000000000800015e                __vectors_end__ = (__vectors_start__ + SIZEOF (.vectors))
                0x000000000000015e                __vectors_size__ = SIZEOF (.vectors)
                0x000000000800015e                __vectors_load_end__ = __vectors_end__
                0x0000000000000001                . = ASSERT (((__vectors_start__ == __vectors_end__) || ((__vectors_end__ - __FLASH1_segment_start__) <= __FLASH1_segment_size__)), error: .vectors is too large to fit in FLASH1 memory segment)
                0x0000000008000160                __init_load_start__ = ALIGN (__vectors_end__, 0x4)

.init           0x0000000008000160      0x338
                0x0000000008000160                __init_start__ = .
 *(.init .init.*)
 .init          0x0000000008000160      0x1be Output/Release/Obj/gpio_demo/riscv_crt0.o
                0x0000000008000160                _start
                0x00000000080002e6                start
                0x0000000008000312                exit
 .init          0x000000000800031e       0x5c Output/Release/Obj/gpio_demo/GD32VF1xx_Startup.o
                0x000000000800031e                Reset_Handler
 .init.SystemInit
                0x000000000800037a      0x11e Output/Release/Obj/gpio_demo/system_gd32vf103.o
                0x000000000800037a                SystemInit
                0x0000000008000498                __init_end__ = (__init_start__ + SIZEOF (.init))
                0x0000000000000338                __init_size__ = SIZEOF (.init)
                0x0000000008000498                __init_load_end__ = __init_end__
                0x0000000000000001                . = ASSERT (((__init_start__ == __init_end__) || ((__init_end__ - __FLASH1_segment_start__) <= __FLASH1_segment_size__)), error: .init is too large to fit in FLASH1 memory segment)
                0x0000000008000498                __init_rodata_load_start__ = ALIGN (__init_end__, 0x4)

.init_rodata    0x0000000008000498        0x0
                0x0000000008000498                __init_rodata_start__ = .
 *(.init_rodata .init_rodata.*)
                0x0000000008000498                __init_rodata_end__ = (__init_rodata_start__ + SIZEOF (.init_rodata))
                0x0000000000000000                __init_rodata_size__ = SIZEOF (.init_rodata)
                0x0000000008000498                __init_rodata_load_end__ = __init_rodata_end__
                0x0000000000000001                . = ASSERT (((__init_rodata_start__ == __init_rodata_end__) || ((__init_rodata_end__ - __FLASH1_segment_start__) <= __FLASH1_segment_size__)), error: .init_rodata is too large to fit in FLASH1 memory segment)
                0x0000000008000498                __text_load_start__ = ALIGN (__init_rodata_end__, 0x4)

.text           0x0000000008000498      0x26e
                0x0000000008000498                __text_start__ = .
 *(.text .text.* .gnu.linkonce.t.*)
 .text.startup.main
                0x0000000008000498       0x50 Output/Release/Obj/gpio_demo/main.o
                0x0000000008000498                main
 .text.gpio_init
                0x00000000080004e8       0xb8 Output/Release/Obj/gpio_demo/gd32vf103_gpio.o
                0x00000000080004e8                gpio_init
 .text.gpio_bit_write
                0x00000000080005a0        0xa Output/Release/Obj/gpio_demo/gd32vf103_gpio.o
                0x00000000080005a0                gpio_bit_write
 .text.gpio_input_bit_get
                0x00000000080005aa        0xa Output/Release/Obj/gpio_demo/gd32vf103_gpio.o
                0x00000000080005aa                gpio_input_bit_get
 .text.rcu_periph_clock_enable
                0x00000000080005b4       0x18 Output/Release/Obj/gpio_demo/gd32vf103_rcu.o
                0x00000000080005b4                rcu_periph_clock_enable
 .text.trap_entry
                0x00000000080005cc       0x66 Output/Release/Obj/gpio_demo/riscv_crt0.o
                0x00000000080005cc                trap_entry
                0x000000000800062a                handle_trap
                0x000000000800062e                _fini
 .text._init    0x0000000008000632       0x18 Output/Release/Obj/gpio_demo/init.o
                0x0000000008000632                _init
 .text.eclic_init
                0x000000000800064a       0x38 Output/Release/Obj/gpio_demo/n22_func.o
                0x000000000800064a                eclic_init
 .text.eclic_mode_enable
                0x0000000008000682       0x12 Output/Release/Obj/gpio_demo/n22_func.o
                0x0000000008000682                eclic_mode_enable
 *fill*         0x0000000008000694        0x0 
 .text.irq      0x0000000008000694       0x72 Output/Release/Obj/gpio_demo/entry.o
                0x0000000008000694                irq_entry
                0x0000000008000706                __text_end__ = (__text_start__ + SIZEOF (.text))
                0x000000000000026e                __text_size__ = SIZEOF (.text)
                0x0000000008000706                __text_load_end__ = __text_end__

.rela.dyn       0x0000000008000000        0x0
 .rela.init     0x0000000008000000        0x0 Output/Release/Obj/gpio_demo/main.o
 .rela.text.trap_entry
                0x0000000008000000        0x0 Output/Release/Obj/gpio_demo/main.o
 .rela.vectors  0x0000000008000000        0x0 Output/Release/Obj/gpio_demo/main.o
                0x0000000000000001                . = ASSERT (((__text_start__ == __text_end__) || ((__text_end__ - __FLASH1_segment_start__) <= __FLASH1_segment_size__)), error: .text is too large to fit in FLASH1 memory segment)
                0x0000000008000708                __dtors_load_start__ = ALIGN (__text_end__, 0x8)

.dtors          0x0000000008000708        0x0
                0x0000000008000708                __dtors_start__ = .
 *(SORT_BY_NAME(.dtors.*))
 *(.dtors)
 *(.fini_array)
 *(SORT_BY_NAME(.fini_array.*))
                0x0000000008000708                __dtors_end__ = (__dtors_start__ + SIZEOF (.dtors))
                0x0000000000000000                __dtors_size__ = SIZEOF (.dtors)
                0x0000000008000708                __dtors_load_end__ = __dtors_end__
                0x0000000000000001                . = ASSERT (((__dtors_start__ == __dtors_end__) || ((__dtors_end__ - __FLASH1_segment_start__) <= __FLASH1_segment_size__)), error: .dtors is too large to fit in FLASH1 memory segment)
                0x0000000008000708                __ctors_load_start__ = ALIGN (__dtors_end__, 0x8)

.ctors          0x0000000008000708        0x0
                0x0000000008000708                __ctors_start__ = .
 *(SORT_BY_NAME(.ctors.*))
 *(.ctors)
 *(.init_array)
 *(SORT_BY_NAME(.init_array.*))
                0x0000000008000708                __ctors_end__ = (__ctors_start__ + SIZEOF (.ctors))
                0x0000000000000000                __ctors_size__ = SIZEOF (.ctors)
                0x0000000008000708                __ctors_load_end__ = __ctors_end__
                0x0000000000000001                . = ASSERT (((__ctors_start__ == __ctors_end__) || ((__ctors_end__ - __FLASH1_segment_start__) <= __FLASH1_segment_size__)), error: .ctors is too large to fit in FLASH1 memory segment)
                0x0000000008000708                __rodata_load_start__ = ALIGN (__ctors_end__, 0x4)

.rodata         0x0000000008000708        0x0
                0x0000000008000708                __rodata_start__ = .
 *(.rodata .rodata.* .gnu.linkonce.r.*)
                0x0000000008000708                __rodata_end__ = (__rodata_start__ + SIZEOF (.rodata))
                0x0000000000000000                __rodata_size__ = SIZEOF (.rodata)
                0x0000000008000708                __rodata_load_end__ = __rodata_end__
                0x0000000000000001                . = ASSERT (((__rodata_start__ == __rodata_end__) || ((__rodata_end__ - __FLASH1_segment_start__) <= __FLASH1_segment_size__)), error: .rodata is too large to fit in FLASH1 memory segment)
                0x0000000008000708                __srodata_load_start__ = ALIGN (__rodata_end__, 0x4)

.srodata        0x0000000008000708        0x0
                0x0000000008000708                __srodata_start__ = .
 *(.srodata .srodata.*)
                0x0000000008000708                __srodata_end__ = (__srodata_start__ + SIZEOF (.srodata))
                0x0000000000000000                __srodata_size__ = SIZEOF (.srodata)
                0x0000000008000708                __srodata_load_end__ = __srodata_end__
                0x0000000000000001                . = ASSERT (((__srodata_start__ == __srodata_end__) || ((__srodata_end__ - __FLASH1_segment_start__) <= __FLASH1_segment_size__)), error: .srodata is too large to fit in FLASH1 memory segment)
                0x0000000008000708                __eh_frame_load_start__ = ALIGN (__srodata_end__, 0x4)

.eh_frame       0x0000000008000708        0x0
                0x0000000008000708                __eh_frame_start__ = .
 *(.eh_frame .eh_frame.*)
                0x0000000008000708                __eh_frame_end__ = (__eh_frame_start__ + SIZEOF (.eh_frame))
                0x0000000000000000                __eh_frame_size__ = SIZEOF (.eh_frame)
                0x0000000008000708                __eh_frame_load_end__ = __eh_frame_end__
                0x0000000000000001                . = ASSERT (((__eh_frame_start__ == __eh_frame_end__) || ((__eh_frame_end__ - __FLASH1_segment_start__) <= __FLASH1_segment_size__)), error: .eh_frame is too large to fit in FLASH1 memory segment)
                0x0000000008000708                __gcc_except_table_load_start__ = ALIGN (__eh_frame_end__, 0x4)

.gcc_except_table
                0x0000000008000708        0x0
                0x0000000008000708                __gcc_except_table_start__ = .
 *(.gcc_except_table .gcc_except_table.*)
                0x0000000008000708                __gcc_except_table_end__ = (__gcc_except_table_start__ + SIZEOF (.gcc_except_table))
                0x0000000000000000                __gcc_except_table_size__ = SIZEOF (.gcc_except_table)
                0x0000000008000708                __gcc_except_table_load_end__ = __gcc_except_table_end__
                0x0000000000000001                . = ASSERT (((__gcc_except_table_start__ == __gcc_except_table_end__) || ((__gcc_except_table_end__ - __FLASH1_segment_start__) <= __FLASH1_segment_size__)), error: .gcc_except_table is too large to fit in FLASH1 memory segment)
                0x0000000008000708                __exec.itable_load_start__ = ALIGN (__gcc_except_table_end__, 0x4)

.exec.itable    0x0000000008000708        0x0
                0x0000000008000708                __exec.itable_start__ = .
 *(.exec.itable .exec.itable.*)
                0x0000000008000708                __exec.itable_end__ = (__exec.itable_start__ + SIZEOF (.exec.itable))
                0x0000000000000000                __exec.itable_size__ = SIZEOF (.exec.itable)
                0x0000000008000708                __exec.itable_load_end__ = __exec.itable_end__
                0x0000000000000001                . = ASSERT (((__exec.itable_start__ == __exec.itable_end__) || ((__exec.itable_end__ - __FLASH1_segment_start__) <= __FLASH1_segment_size__)), error: .exec.itable is too large to fit in FLASH1 memory segment)
                0x0000000008000708                __fast_load_start__ = ALIGN (__exec.itable_end__, 0x4)

.fast           0x0000000020000000        0x0 load address 0x0000000008000708
                0x0000000020000000                __fast_start__ = .
 *(.fast .fast.*)
                0x0000000020000000                __fast_end__ = (__fast_start__ + SIZEOF (.fast))
                0x0000000000000000                __fast_size__ = SIZEOF (.fast)
                0x0000000008000708                __fast_load_end__ = (__fast_load_start__ + SIZEOF (.fast))
                0x0000000000000001                . = ASSERT (((__fast_load_start__ == __fast_load_end__) || ((__fast_load_end__ - __FLASH1_segment_start__) <= __FLASH1_segment_size__)), error: .fast is too large to fit in FLASH1 memory segment)

.fast_run       0x0000000020000000        0x0
                0x0000000020000000                __fast_run_start__ = .
                0x0000000020000000                __fast_run_end__ = (__fast_run_start__ + SIZEOF (.fast))
                0x0000000000000000                __fast_run_size__ = (__fast_run_end__ - __fast_run_start__)
                0x0000000020000000                __fast_run_load_end__ = __fast_run_end__
                0x0000000000000001                . = ASSERT (((__fast_run_start__ == __fast_run_end__) || ((__fast_run_end__ - __RAM1_segment_start__) <= __RAM1_segment_size__)), error: .fast_run is too large to fit in RAM1 memory segment)
                0x0000000008000708                __data_load_start__ = ALIGN ((__fast_load_start__ + SIZEOF (.fast)), 0x4)

.data           0x0000000020000000        0x0 load address 0x0000000008000708
                0x0000000020000000                __data_start__ = .
 *(.data .data.* .gnu.linkonce.d.*)
                0x0000000020000000                __data_end__ = (__data_start__ + SIZEOF (.data))
                0x0000000000000000                __data_size__ = SIZEOF (.data)
                0x0000000008000708                __data_load_end__ = (__data_load_start__ + SIZEOF (.data))
                0x0000000000000001                . = ASSERT (((__data_load_start__ == __data_load_end__) || ((__data_load_end__ - __FLASH1_segment_start__) <= __FLASH1_segment_size__)), error: .data is too large to fit in FLASH1 memory segment)

.data_run       0x0000000020000000        0x0
                0x0000000020000000                __data_run_start__ = .
                0x0000000020000000                __data_run_end__ = (__data_run_start__ + SIZEOF (.data))
                0x0000000000000000                __data_run_size__ = (__data_run_end__ - __data_run_start__)
                0x0000000020000000                __data_run_load_end__ = __data_run_end__
                0x0000000000000001                . = ASSERT (((__data_run_start__ == __data_run_end__) || ((__data_run_end__ - __RAM1_segment_start__) <= __RAM1_segment_size__)), error: .data_run is too large to fit in RAM1 memory segment)
                0x0000000008000708                __tdata_load_start__ = ALIGN ((__data_load_start__ + SIZEOF (.data)), 0x4)

.tdata          0x0000000020000000        0x0 load address 0x0000000008000708
                0x0000000020000000                __tdata_start__ = .
 *(.tdata .tdata.*)
                0x0000000020000000                __tdata_end__ = (__tdata_start__ + SIZEOF (.tdata))
                0x0000000000000000                __tdata_size__ = SIZEOF (.tdata)
                0x0000000008000708                __tdata_load_end__ = (__tdata_load_start__ + SIZEOF (.tdata))
                0x0000000000000001                . = ASSERT (((__tdata_load_start__ == __tdata_load_end__) || ((__tdata_load_end__ - __FLASH1_segment_start__) <= __FLASH1_segment_size__)), error: .tdata is too large to fit in FLASH1 memory segment)

.tdata_run      0x0000000020000000        0x0
                0x0000000020000000                __tdata_run_start__ = .
                0x0000000020000000                __tdata_run_end__ = (__tdata_run_start__ + SIZEOF (.tdata))
                0x0000000000000000                __tdata_run_size__ = (__tdata_run_end__ - __tdata_run_start__)
                0x0000000020000000                __tdata_run_load_end__ = __tdata_run_end__
                0x0000000000000001                . = ASSERT (((__tdata_run_start__ == __tdata_run_end__) || ((__tdata_run_end__ - __RAM1_segment_start__) <= __RAM1_segment_size__)), error: .tdata_run is too large to fit in RAM1 memory segment)
                0x0000000020000000                __bss_load_start__ = ALIGN (__tdata_run_end__, 0x4)

.bss            0x0000000020000000        0x0
                0x0000000020000000                __bss_start__ = .
 *(.bss .bss.* .gnu.linkonce.b.*)
 *(COMMON)
                0x0000000020000000                __bss_end__ = (__bss_start__ + SIZEOF (.bss))
                0x0000000000000000                __bss_size__ = SIZEOF (.bss)
                0x0000000020000000                __bss_load_end__ = __bss_end__
                0x0000000000000001                . = ASSERT (((__bss_start__ == __bss_end__) || ((__bss_end__ - __RAM1_segment_start__) <= __RAM1_segment_size__)), error: .bss is too large to fit in RAM1 memory segment)
                0x0000000020000000                __tbss_load_start__ = ALIGN (__bss_end__, 0x4)

.tbss           0x0000000020000000        0x0
                0x0000000020000000                __tbss_start__ = .
 *(.tbss .tbss.*)
                0x0000000020000000                __tbss_end__ = (__tbss_start__ + SIZEOF (.tbss))
                0x0000000000000000                __tbss_size__ = SIZEOF (.tbss)
                0x0000000020000000                __tbss_load_end__ = __tbss_end__
                0x0000000000000001                . = ASSERT (((__tbss_start__ == __tbss_end__) || ((__tbss_end__ - __RAM1_segment_start__) <= __RAM1_segment_size__)), error: .tbss is too large to fit in RAM1 memory segment)
                0x0000000008000708                __sdata_load_start__ = ALIGN ((__tdata_load_start__ + SIZEOF (.tdata)), 0x4)

.sdata          0x0000000020000000        0x0 load address 0x0000000008000708
                0x0000000020000000                __sdata_start__ = .
 *(.sdata.* .sdata2.*)
                0x0000000020000000                __sdata_end__ = (__sdata_start__ + SIZEOF (.sdata))
                0x0000000000000000                __sdata_size__ = SIZEOF (.sdata)
                0x0000000008000708                __sdata_load_end__ = (__sdata_load_start__ + SIZEOF (.sdata))
                0x0000000008000708                __FLASH1_segment_used_end__ = (ALIGN ((__tdata_load_start__ + SIZEOF (.tdata)), 0x4) + SIZEOF (.sdata))
                0x0000000000000708                __FLASH1_segment_used_size__ = (__FLASH1_segment_used_end__ - __FLASH1_segment_start__)
                0x0000000000000001                . = ASSERT (((__sdata_load_start__ == __sdata_load_end__) || ((__sdata_load_end__ - __FLASH1_segment_start__) <= __FLASH1_segment_size__)), error: .sdata is too large to fit in FLASH1 memory segment)

.sdata_run      0x0000000020000000        0x0
                0x0000000020000000                __sdata_run_start__ = .
                0x0000000020000000                __sdata_run_end__ = (__sdata_run_start__ + SIZEOF (.sdata))
                0x0000000000000000                __sdata_run_size__ = (__sdata_run_end__ - __sdata_run_start__)
                0x0000000020000000                __sdata_run_load_end__ = __sdata_run_end__
                0x0000000000000001                . = ASSERT (((__sdata_run_start__ == __sdata_run_end__) || ((__sdata_run_end__ - __RAM1_segment_start__) <= __RAM1_segment_size__)), error: .sdata_run is too large to fit in RAM1 memory segment)
                0x0000000020000000                __sbss_load_start__ = ALIGN (__sdata_run_end__, 0x4)

.sbss           0x0000000020000000        0x0
                0x0000000020000000                __sbss_start__ = .
 *(.sbss .sbss.*)
                0x0000000020000000                __sbss_end__ = (__sbss_start__ + SIZEOF (.sbss))
                0x0000000000000000                __sbss_size__ = SIZEOF (.sbss)
                0x0000000020000000                __sbss_load_end__ = __sbss_end__
                0x0000000000000001                . = ASSERT (((__sbss_start__ == __sbss_end__) || ((__sbss_end__ - __RAM1_segment_start__) <= __RAM1_segment_size__)), error: .sbss is too large to fit in RAM1 memory segment)
                0x0000000020000000                __non_init_load_start__ = ALIGN (__sbss_end__, 0x4)

.non_init       0x0000000020000000        0x0
                0x0000000020000000                __non_init_start__ = .
 *(.non_init .non_init.*)
                0x0000000020000000                __non_init_end__ = (__non_init_start__ + SIZEOF (.non_init))
                0x0000000000000000                __non_init_size__ = SIZEOF (.non_init)
                0x0000000020000000                __non_init_load_end__ = __non_init_end__
                0x0000000000000001                . = ASSERT (((__non_init_start__ == __non_init_end__) || ((__non_init_end__ - __RAM1_segment_start__) <= __RAM1_segment_size__)), error: .non_init is too large to fit in RAM1 memory segment)
                0x0000000020000000                __heap_load_start__ = ALIGN (__non_init_end__, 0x10)

.heap           0x0000000020000000      0x400
                0x0000000020000000                __heap_start__ = .
 *(.heap .heap.*)
                0x0000000020000400                . = ALIGN (MAX ((__heap_start__ + __HEAPSIZE__), .), 0x10)
 *fill*         0x0000000020000000      0x400 
                0x0000000020000400                __heap_end__ = (__heap_start__ + SIZEOF (.heap))
                0x0000000000000400                __heap_size__ = SIZEOF (.heap)
                0x0000000020000400                __heap_load_end__ = __heap_end__
                0x0000000000000001                . = ASSERT (((__heap_start__ == __heap_end__) || ((__heap_end__ - __RAM1_segment_start__) <= __RAM1_segment_size__)), error: .heap is too large to fit in RAM1 memory segment)
                0x0000000020007c00                __stack_load_start__ = (__RAM1_segment_start__ + (__RAM1_segment_size__ - 0x400))

.stack          0x0000000020007c00      0x400
                0x0000000020007c00                __stack_start__ = .
 *(.stack .stack.*)
                0x0000000020008000                . = ALIGN (MAX ((__stack_start__ + __STACKSIZE__), .), 0x4)
 *fill*         0x0000000020007c00      0x400 
                0x0000000020008000                __stack_end__ = (__stack_start__ + SIZEOF (.stack))
                0x0000000000000400                __stack_size__ = SIZEOF (.stack)
                0x0000000020008000                __stack_load_end__ = __stack_end__
                0x0000000020008000                __RAM1_segment_used_end__ = ((__RAM1_segment_start__ + (__RAM1_segment_size__ - 0x400)) + SIZEOF (.stack))
                0x0000000000008000                __RAM1_segment_used_size__ = (__RAM1_segment_used_end__ - __RAM1_segment_start__)
                0x0000000000000001                . = ASSERT (((__stack_start__ == __stack_end__) || ((__stack_end__ - __RAM1_segment_start__) <= __RAM1_segment_size__)), error: .stack is too large to fit in RAM1 memory segment)
                0x0000000000000001                . = ASSERT ((__heap_end__ <= __stack_start__), error: section .heap overlaps absolute placed section .stack)
START GROUP
LOAD Output/Release/Obj/gpio_demo/main.o
LOAD Output/Release/Obj/gpio_demo/gd32vf103_gpio.o
LOAD Output/Release/Obj/gpio_demo/gd32vf103_rcu.o
LOAD Output/Release/Obj/gpio_demo/riscv_crt0.o
LOAD Output/Release/Obj/gpio_demo/GD32VF1xx_Startup.o
LOAD Output/Release/Obj/gpio_demo/init.o
LOAD Output/Release/Obj/gpio_demo/n22_func.o
LOAD Output/Release/Obj/gpio_demo/entry.o
LOAD Output/Release/Obj/gpio_demo/gd32vf103_eclic.o
LOAD Output/Release/Obj/gpio_demo/system_gd32vf103.o
LOAD C:/Program Files/SEGGER/SEGGER Embedded Studio for RISC-V 6.10/lib/libc_rv32imac_balanced.a
END GROUP
OUTPUT(Output/Release/Exe/gpio_demo.elf elf32-littleriscv)

.debug_frame    0x0000000000000000      0x700
 .debug_frame   0x0000000000000000       0x34 Output/Release/Obj/gpio_demo/main.o
 .debug_frame   0x0000000000000034      0x1bc Output/Release/Obj/gpio_demo/gd32vf103_gpio.o
 .debug_frame   0x00000000000001f0      0x2c4 Output/Release/Obj/gpio_demo/gd32vf103_rcu.o
 .debug_frame   0x00000000000004b4       0x3c Output/Release/Obj/gpio_demo/init.o
 .debug_frame   0x00000000000004f0      0x1e0 Output/Release/Obj/gpio_demo/n22_func.o
 .debug_frame   0x00000000000006d0       0x30 Output/Release/Obj/gpio_demo/system_gd32vf103.o

.debug_info     0x0000000000000000     0x2859
 .debug_info    0x0000000000000000      0x2bf Output/Release/Obj/gpio_demo/main.o
 .debug_info    0x00000000000002bf      0x6cd Output/Release/Obj/gpio_demo/gd32vf103_gpio.o
 .debug_info    0x000000000000098c      0xf80 Output/Release/Obj/gpio_demo/gd32vf103_rcu.o
 .debug_info    0x000000000000190c       0x22 Output/Release/Obj/gpio_demo/riscv_crt0.o
 .debug_info    0x000000000000192e       0x22 Output/Release/Obj/gpio_demo/GD32VF1xx_Startup.o
 .debug_info    0x0000000000001950      0x286 Output/Release/Obj/gpio_demo/init.o
 .debug_info    0x0000000000001bd6      0xaa4 Output/Release/Obj/gpio_demo/n22_func.o
 .debug_info    0x000000000000267a       0x22 Output/Release/Obj/gpio_demo/entry.o
 .debug_info    0x000000000000269c      0x1bd Output/Release/Obj/gpio_demo/system_gd32vf103.o

.debug_abbrev   0x0000000000000000      0xa67
 .debug_abbrev  0x0000000000000000       0xea Output/Release/Obj/gpio_demo/main.o
 .debug_abbrev  0x00000000000000ea      0x1f9 Output/Release/Obj/gpio_demo/gd32vf103_gpio.o
 .debug_abbrev  0x00000000000002e3      0x2ed Output/Release/Obj/gpio_demo/gd32vf103_rcu.o
 .debug_abbrev  0x00000000000005d0       0x12 Output/Release/Obj/gpio_demo/riscv_crt0.o
 .debug_abbrev  0x00000000000005e2       0x12 Output/Release/Obj/gpio_demo/GD32VF1xx_Startup.o
 .debug_abbrev  0x00000000000005f4       0xb6 Output/Release/Obj/gpio_demo/init.o
 .debug_abbrev  0x00000000000006aa      0x2cc Output/Release/Obj/gpio_demo/n22_func.o
 .debug_abbrev  0x0000000000000976       0x12 Output/Release/Obj/gpio_demo/entry.o
 .debug_abbrev  0x0000000000000988       0xdf Output/Release/Obj/gpio_demo/system_gd32vf103.o

.debug_pubnames
                0x0000000000000000     0x13c7
 .debug_pubnames
                0x0000000000000000      0x213 Output/Release/Obj/gpio_demo/main.o
 .debug_pubnames
                0x0000000000000213      0x3da Output/Release/Obj/gpio_demo/gd32vf103_gpio.o
 .debug_pubnames
                0x00000000000005ed      0x61a Output/Release/Obj/gpio_demo/gd32vf103_rcu.o
 .debug_pubnames
                0x0000000000000c07      0x4c3 Output/Release/Obj/gpio_demo/init.o
 .debug_pubnames
                0x00000000000010ca      0x27a Output/Release/Obj/gpio_demo/n22_func.o
 .debug_pubnames
                0x0000000000001344       0x83 Output/Release/Obj/gpio_demo/system_gd32vf103.o

.debug_pubtypes
                0x0000000000000000      0x61a
 .debug_pubtypes
                0x0000000000000000       0xdf Output/Release/Obj/gpio_demo/main.o
 .debug_pubtypes
                0x00000000000000df       0xfe Output/Release/Obj/gpio_demo/gd32vf103_gpio.o
 .debug_pubtypes
                0x00000000000001dd      0x1b7 Output/Release/Obj/gpio_demo/gd32vf103_rcu.o
 .debug_pubtypes
                0x0000000000000394       0xc7 Output/Release/Obj/gpio_demo/init.o
 .debug_pubtypes
                0x000000000000045b       0xf1 Output/Release/Obj/gpio_demo/n22_func.o
 .debug_pubtypes
                0x000000000000054c       0xce Output/Release/Obj/gpio_demo/system_gd32vf103.o

.debug_aranges  0x0000000000000000      0x3a8
 .debug_aranges
                0x0000000000000000       0x20 Output/Release/Obj/gpio_demo/main.o
 .debug_aranges
                0x0000000000000020       0xa0 Output/Release/Obj/gpio_demo/gd32vf103_gpio.o
 .debug_aranges
                0x00000000000000c0      0x110 Output/Release/Obj/gpio_demo/gd32vf103_rcu.o
 .debug_aranges
                0x00000000000001d0       0x40 Output/Release/Obj/gpio_demo/riscv_crt0.o
 .debug_aranges
                0x0000000000000210       0x28 Output/Release/Obj/gpio_demo/GD32VF1xx_Startup.o
 .debug_aranges
                0x0000000000000238       0x20 Output/Release/Obj/gpio_demo/init.o
 .debug_aranges
                0x0000000000000258      0x100 Output/Release/Obj/gpio_demo/n22_func.o
 .debug_aranges
                0x0000000000000358       0x28 Output/Release/Obj/gpio_demo/entry.o
 .debug_aranges
                0x0000000000000380       0x28 Output/Release/Obj/gpio_demo/system_gd32vf103.o

.debug_ranges   0x0000000000000000      0x560
 .debug_ranges  0x0000000000000000       0x10 Output/Release/Obj/gpio_demo/main.o
 .debug_ranges  0x0000000000000010       0x90 Output/Release/Obj/gpio_demo/gd32vf103_gpio.o
 .debug_ranges  0x00000000000000a0      0x1d8 Output/Release/Obj/gpio_demo/gd32vf103_rcu.o
 .debug_ranges  0x0000000000000278       0x38 Output/Release/Obj/gpio_demo/riscv_crt0.o
 .debug_ranges  0x00000000000002b0       0x20 Output/Release/Obj/gpio_demo/GD32VF1xx_Startup.o
 .debug_ranges  0x00000000000002d0       0x10 Output/Release/Obj/gpio_demo/init.o
 .debug_ranges  0x00000000000002e0      0x228 Output/Release/Obj/gpio_demo/n22_func.o
 .debug_ranges  0x0000000000000508       0x20 Output/Release/Obj/gpio_demo/entry.o
 .debug_ranges  0x0000000000000528       0x38 Output/Release/Obj/gpio_demo/system_gd32vf103.o

.debug_line     0x0000000000000000     0x3e02
 .debug_line    0x0000000000000000      0x1c1 Output/Release/Obj/gpio_demo/main.o
 .debug_line    0x00000000000001c1      0xbe8 Output/Release/Obj/gpio_demo/gd32vf103_gpio.o
 .debug_line    0x0000000000000da9     0x13d4 Output/Release/Obj/gpio_demo/gd32vf103_rcu.o
 .debug_line    0x000000000000217d      0x3c3 Output/Release/Obj/gpio_demo/riscv_crt0.o
 .debug_line    0x0000000000002540       0xfd Output/Release/Obj/gpio_demo/GD32VF1xx_Startup.o
 .debug_line    0x000000000000263d      0x130 Output/Release/Obj/gpio_demo/init.o
 .debug_line    0x000000000000276d      0xd84 Output/Release/Obj/gpio_demo/n22_func.o
 .debug_line    0x00000000000034f1      0x11c Output/Release/Obj/gpio_demo/entry.o
 .debug_line    0x000000000000360d      0x7f5 Output/Release/Obj/gpio_demo/system_gd32vf103.o

.debug_str      0x0000000000000000     0x18f4
 .debug_str     0x0000000000000000      0x32f Output/Release/Obj/gpio_demo/main.o
                                        0x356 (size before relaxing)
 .debug_str     0x000000000000032f      0x3bc Output/Release/Obj/gpio_demo/gd32vf103_gpio.o
                                        0x578 (size before relaxing)
 .debug_str     0x00000000000006eb      0x910 Output/Release/Obj/gpio_demo/gd32vf103_rcu.o
                                        0xddf (size before relaxing)
 .debug_str     0x0000000000000ffb       0x3c Output/Release/Obj/gpio_demo/riscv_crt0.o
                                         0x5f (size before relaxing)
 .debug_str     0x0000000000001037       0x48 Output/Release/Obj/gpio_demo/GD32VF1xx_Startup.o
                                         0x77 (size before relaxing)
 .debug_str     0x000000000000107f      0x40f Output/Release/Obj/gpio_demo/init.o
                                        0x57e (size before relaxing)
 .debug_str     0x000000000000148e      0x298 Output/Release/Obj/gpio_demo/n22_func.o
                                        0x479 (size before relaxing)
 .debug_str     0x0000000000001726       0x43 Output/Release/Obj/gpio_demo/entry.o
                                         0x72 (size before relaxing)
 .debug_str     0x0000000000001769      0x18b Output/Release/Obj/gpio_demo/system_gd32vf103.o
                                        0x284 (size before relaxing)

.comment        0x0000000000000000       0x41
 .comment       0x0000000000000000       0x41 Output/Release/Obj/gpio_demo/main.o
                                         0x42 (size before relaxing)
 .comment       0x0000000000000041       0x42 Output/Release/Obj/gpio_demo/gd32vf103_gpio.o
 .comment       0x0000000000000041       0x42 Output/Release/Obj/gpio_demo/gd32vf103_rcu.o
 .comment       0x0000000000000041       0x42 Output/Release/Obj/gpio_demo/init.o
 .comment       0x0000000000000041       0x42 Output/Release/Obj/gpio_demo/n22_func.o
 .comment       0x0000000000000041       0x42 Output/Release/Obj/gpio_demo/system_gd32vf103.o

.riscv.attributes
                0x0000000000000000       0x2f
 .riscv.attributes
                0x0000000000000000       0x2b Output/Release/Obj/gpio_demo/main.o
 .riscv.attributes
                0x000000000000002b       0x2b Output/Release/Obj/gpio_demo/gd32vf103_gpio.o
 .riscv.attributes
                0x0000000000000056       0x2b Output/Release/Obj/gpio_demo/gd32vf103_rcu.o
 .riscv.attributes
                0x0000000000000081       0x2d Output/Release/Obj/gpio_demo/riscv_crt0.o
 .riscv.attributes
                0x00000000000000ae       0x2d Output/Release/Obj/gpio_demo/GD32VF1xx_Startup.o
 .riscv.attributes
                0x00000000000000db       0x2f Output/Release/Obj/gpio_demo/init.o
 .riscv.attributes
                0x000000000000010a       0x2f Output/Release/Obj/gpio_demo/n22_func.o
 .riscv.attributes
                0x0000000000000139       0x2d Output/Release/Obj/gpio_demo/entry.o
 .riscv.attributes
                0x0000000000000166       0x2b Output/Release/Obj/gpio_demo/system_gd32vf103.o

.debug_loc      0x0000000000000000     0x17e4
 .debug_loc     0x0000000000000000      0x440 Output/Release/Obj/gpio_demo/gd32vf103_gpio.o
 .debug_loc     0x0000000000000440      0xb6d Output/Release/Obj/gpio_demo/gd32vf103_rcu.o
 .debug_loc     0x0000000000000fad      0x64e Output/Release/Obj/gpio_demo/n22_func.o
 .debug_loc     0x00000000000015fb      0x1e9 Output/Release/Obj/gpio_demo/system_gd32vf103.o
