Archive member included to satisfy reference by file (symbol)

C:/Program Files/SEGGER/SEGGER Embedded Studio for RISC-V 6.12a/lib/libc_rv32imac_balanced.a(floatasmops_rv.o)
                              Output/Release/Obj/uart_demo/main.o (__mulsf3)
C:/Program Files/SEGGER/SEGGER Embedded Studio for RISC-V 6.12a/lib/libc_rv32imac_balanced.a(__SEGGER_RTL_vfprintf_int_nwp.o)
                              (__SEGGER_RTL_vfprintf_int_nwp)
C:/Program Files/SEGGER/SEGGER Embedded Studio for RISC-V 6.12a/lib/libc_rv32imac_balanced.a(__SEGGER_RTL_vfscanf_int.o)
                              (__SEGGER_RTL_vfscanf_int)
C:/Program Files/SEGGER/SEGGER Embedded Studio for RISC-V 6.12a/lib/libc_rv32imac_balanced.a(intops.o)
                              C:/Program Files/SEGGER/SEGGER Embedded Studio for RISC-V 6.12a/lib/libc_rv32imac_balanced.a(__SEGGER_RTL_vfprintf_int_nwp.o) (__udivdi3)
C:/Program Files/SEGGER/SEGGER Embedded Studio for RISC-V 6.12a/lib/libc_rv32imac_balanced.a(mbops.o)
                              C:/Program Files/SEGGER/SEGGER Embedded Studio for RISC-V 6.12a/lib/libc_rv32imac_balanced.a(__SEGGER_RTL_vfscanf_int.o) (isdigit)
C:/Program Files/SEGGER/SEGGER Embedded Studio for RISC-V 6.12a/lib/libc_rv32imac_balanced.a(sortops.o)
                              C:/Program Files/SEGGER/SEGGER Embedded Studio for RISC-V 6.12a/lib/libc_rv32imac_balanced.a(mbops.o) (bsearch)
C:/Program Files/SEGGER/SEGGER Embedded Studio for RISC-V 6.12a/lib/libc_rv32imac_balanced.a(strops.o)
                              C:/Program Files/SEGGER/SEGGER Embedded Studio for RISC-V 6.12a/lib/libc_rv32imac_balanced.a(mbops.o) (memcpy)
C:/Program Files/SEGGER/SEGGER Embedded Studio for RISC-V 6.12a/lib/libc_rv32imac_balanced.a(timeops.o)
                              C:/Program Files/SEGGER/SEGGER Embedded Studio for RISC-V 6.12a/lib/libc_rv32imac_balanced.a(mbops.o) (__SEGGER_RTL_string_list_encode)
C:/Program Files/SEGGER/SEGGER Embedded Studio for RISC-V 6.12a/lib/libc_rv32imac_balanced.a(utilops.o)
                              C:/Program Files/SEGGER/SEGGER Embedded Studio for RISC-V 6.12a/lib/libc_rv32imac_balanced.a(__SEGGER_RTL_vfscanf_int.o) (__SEGGER_RTL_digit)
C:/Program Files/SEGGER/SEGGER Embedded Studio for RISC-V 6.12a/lib/libc_rv32imac_balanced.a(prinops.o)
                              C:/Program Files/SEGGER/SEGGER Embedded Studio for RISC-V 6.12a/lib/libc_rv32imac_balanced.a(__SEGGER_RTL_vfprintf_int_nwp.o) (__SEGGER_RTL_putc)
C:/Program Files/SEGGER/SEGGER Embedded Studio for RISC-V 6.12a/lib/libc_rv32imac_balanced.a(strasmops_rv.o)
                              C:/Program Files/SEGGER/SEGGER Embedded Studio for RISC-V 6.12a/lib/libc_rv32imac_balanced.a(strops.o) (strcpy)
C:/Program Files/SEGGER/SEGGER Embedded Studio for RISC-V 6.12a/lib/libc_rv32imac_balanced.a(errno.o)
                              C:/Program Files/SEGGER/SEGGER Embedded Studio for RISC-V 6.12a/lib/libc_rv32imac_balanced.a(mbops.o) (__SEGGER_RTL_X_errno_addr)
C:/Program Files/SEGGER/SEGGER Embedded Studio for RISC-V 6.12a/lib/libc_rv32imac_balanced.a(fileops.o)
                              C:/Program Files/SEGGER/SEGGER Embedded Studio for RISC-V 6.12a/lib/libc_rv32imac_balanced.a(prinops.o) (fwrite)
C:/Program Files/SEGGER/SEGGER Embedded Studio for RISC-V 6.12a/lib/libc_rv32imac_balanced.a(heapops.o)
                              C:/Program Files/SEGGER/SEGGER Embedded Studio for RISC-V 6.12a/lib/libc_rv32imac_balanced.a(mbops.o) (malloc)
C:/Program Files/SEGGER/SEGGER Embedded Studio for RISC-V 6.12a/lib/prinops_rtt_rv32imac_balanced.a(prinops_rtt.o)
                              C:/Program Files/SEGGER/SEGGER Embedded Studio for RISC-V 6.12a/lib/libc_rv32imac_balanced.a(fileops.o) (__SEGGER_RTL_X_file_stat)
C:/Program Files/SEGGER/SEGGER Embedded Studio for RISC-V 6.12a/lib/prinops_rtt_rv32imac_balanced.a(SEGGER_RTT.o)
                              C:/Program Files/SEGGER/SEGGER Embedded Studio for RISC-V 6.12a/lib/prinops_rtt_rv32imac_balanced.a(prinops_rtt.o) (SEGGER_RTT_Read)
C:/Program Files/SEGGER/SEGGER Embedded Studio for RISC-V 6.12a/lib/heapops_basic_rv32imac_balanced.a(heapops_basic.o)
                              C:/Program Files/SEGGER/SEGGER Embedded Studio for RISC-V 6.12a/lib/libc_rv32imac_balanced.a(heapops.o) (__SEGGER_RTL_alloc)

Discarded input sections

 .text          0x0000000000000000        0x0 Output/Release/Obj/uart_demo/main.o
 .data          0x0000000000000000        0x0 Output/Release/Obj/uart_demo/main.o
 .bss           0x0000000000000000        0x0 Output/Release/Obj/uart_demo/main.o
 .text          0x0000000000000000        0x0 Output/Release/Obj/uart_demo/gd32vf103_adc.o
 .data          0x0000000000000000        0x0 Output/Release/Obj/uart_demo/gd32vf103_adc.o
 .bss           0x0000000000000000        0x0 Output/Release/Obj/uart_demo/gd32vf103_adc.o
 .text.adc_disable
                0x0000000000000000        0x8 Output/Release/Obj/uart_demo/gd32vf103_adc.o
 .text.adc_tempsensor_vrefint_enable
[...]
Memory Configuration

Name             Origin             Length             Attributes
UNPLACED_SECTIONS 0x0000000100000000 0x0000000000000000 xw
FLASH1           0x0000000008000000 0x0000000000020000 xr
RAM1             0x0000000020000000 0x0000000000008000 xw
*default*        0x0000000000000000 0xffffffffffffffff

Linker script and memory map

                0x0000000000000000                __SEGGER_RTL_vfprintf = __SEGGER_RTL_vfprintf_int_nwp
                0x0000000000000000                __SEGGER_RTL_vfscanf = __SEGGER_RTL_vfscanf_int
                0x0000000008000000                __FLASH1_segment_start__ = 0x8000000
                0x0000000008020000                __FLASH1_segment_end__ = 0x8020000
                0x0000000000020000                __FLASH1_segment_size__ = 0x20000
                0x0000000020000000                __RAM1_segment_start__ = 0x20000000
                0x0000000020008000                __RAM1_segment_end__ = 0x20008000
                0x0000000000008000                __RAM1_segment_size__ = 0x8000
                0x0000000000000400                __HEAPSIZE__ = 0x400
                0x0000000000000400                __STACKSIZE__ = 0x400
                0x0000000008000000                __vectors_load_start__ = __FLASH1_segment_start__

.vectors        0x0000000008000000      0x15e
                0x0000000008000000                __vectors_start__ = .
 *(.vectors .vectors.*)
 .vectors       0x0000000008000000      0x15e Output/Release/Obj/uart_demo/GD32VF1xx_Startup.o
                0x0000000008000000                vector_base
                0x000000000800015e                __vectors_end__ = (__vectors_start__ + SIZEOF (.vectors))
                0x000000000000015e                __vectors_size__ = SIZEOF (.vectors)
                0x000000000800015e                __vectors_load_end__ = __vectors_end__
                0x0000000000000001                . = ASSERT (((__vectors_start__ == __vectors_end__) || ((__vectors_end__ - __FLASH1_segment_start__) <= __FLASH1_segment_size__)), error: .vectors is too large to fit in FLASH1 memory segment)
                0x0000000008000160                __init_load_start__ = ALIGN (__vectors_end__, 0x4)

.init           0x0000000008000160      0x33c
                0x0000000008000160                __init_start__ = .
 *(.init .init.*)
 .init          0x0000000008000160      0x1c2 Output/Release/Obj/uart_demo/riscv_crt0.o
                0x0000000008000160                _start
                0x00000000080002ea                start
                0x0000000008000316                exit
 .init          0x0000000008000322       0x5c Output/Release/Obj/uart_demo/GD32VF1xx_Startup.o
                0x0000000008000322                Reset_Handler
 .init.SystemInit
                0x000000000800037e      0x11e Output/Release/Obj/uart_demo/system_gd32vf103.o
                0x000000000800037e                SystemInit
                0x000000000800049c                __init_end__ = (__init_start__ + SIZEOF (.init))
                0x000000000000033c                __init_size__ = SIZEOF (.init)
                0x000000000800049c                __init_load_end__ = __init_end__
                0x0000000000000001                . = ASSERT (((__init_start__ == __init_end__) || ((__init_end__ - __FLASH1_segment_start__) <= __FLASH1_segment_size__)), error: .init is too large to fit in FLASH1 memory segment)
                0x000000000800049c                __init_rodata_load_start__ = ALIGN (__init_end__, 0x4)

.init_rodata    0x000000000800049c        0x0
                0x000000000800049c                __init_rodata_start__ = .
 *(.init_rodata .init_rodata.*)
                0x000000000800049c                __init_rodata_end__ = (__init_rodata_start__ + SIZEOF (.init_rodata))
                0x0000000000000000                __init_rodata_size__ = SIZEOF (.init_rodata)
                0x000000000800049c                __init_rodata_load_end__ = __init_rodata_end__
                0x0000000000000001                . = ASSERT (((__init_rodata_start__ == __init_rodata_end__) || ((__init_rodata_end__ - __FLASH1_segment_start__) <= __FLASH1_segment_size__)), error: .init_rodata is too large to fit in FLASH1 memory segment)
                0x000000000800049c                __text_load_start__ = ALIGN (__init_rodata_end__, 0x4)

.text           0x000000000800049c      0xd7e
                0x000000000800049c                __text_start__ = .
 *(.text .text.* .gnu.linkonce.t.*)
 .text.LCD_print_str
                0x000000000800049c       0xb2 Output/Release/Obj/uart_demo/main.o
                0x000000000800049c                LCD_print_str
 .text.initUSART
                0x000000000800054e       0x94 Output/Release/Obj/uart_demo/main.o
                0x000000000800054e                initUSART
 .text.initADC  0x00000000080005e2       0x94 Output/Release/Obj/uart_demo/main.o
                0x00000000080005e2                initADC
 .text.delay_ms
                0x0000000008000676       0x34 Output/Release/Obj/uart_demo/main.o
                0x0000000008000676                delay_ms
 .text.startup.main
                0x00000000080006aa      0x1ae Output/Release/Obj/uart_demo/main.o
                0x00000000080006aa                main
 .text.adc_deinit
                0x0000000008000858       0x42 Output/Release/Obj/uart_demo/gd32vf103_adc.o
                0x0000000008000858                adc_deinit
 .text.adc_mode_config
                0x000000000800089a       0x20 Output/Release/Obj/uart_demo/gd32vf103_adc.o
                0x000000000800089a                adc_mode_config
 .text.adc_special_function_config
                0x00000000080008ba       0x60 Output/Release/Obj/uart_demo/gd32vf103_adc.o
                0x00000000080008ba                adc_special_function_config
 .text.adc_data_alignment_config
                0x000000000800091a       0x1c Output/Release/Obj/uart_demo/gd32vf103_adc.o
                0x000000000800091a                adc_data_alignment_config
 .text.adc_enable
                0x0000000008000936       0x10 Output/Release/Obj/uart_demo/gd32vf103_adc.o
                0x0000000008000936                adc_enable
 .text.adc_calibration_enable
                0x0000000008000946       0x22 Output/Release/Obj/uart_demo/gd32vf103_adc.o
                0x0000000008000946                adc_calibration_enable
 .text.adc_channel_length_config
                0x0000000008000968       0x4a Output/Release/Obj/uart_demo/gd32vf103_adc.o
                0x0000000008000968                adc_channel_length_config
 .text.adc_regular_channel_config
                0x00000000080009b2       0xbc Output/Release/Obj/uart_demo/gd32vf103_adc.o
                0x00000000080009b2                adc_regular_channel_config
 .text.adc_external_trigger_source_config
                0x0000000008000a6e       0x34 Output/Release/Obj/uart_demo/gd32vf103_adc.o
                0x0000000008000a6e                adc_external_trigger_source_config
 .text.adc_external_trigger_config
                0x0000000008000aa2       0x46 Output/Release/Obj/uart_demo/gd32vf103_adc.o
                0x0000000008000aa2                adc_external_trigger_config
 .text.adc_software_trigger_enable
                0x0000000008000ae8       0x20 Output/Release/Obj/uart_demo/gd32vf103_adc.o
                0x0000000008000ae8                adc_software_trigger_enable
 .text.adc_regular_data_read
                0x0000000008000b08        0x8 Output/Release/Obj/uart_demo/gd32vf103_adc.o
                0x0000000008000b08                adc_regular_data_read
 .text.adc_resolution_config
                0x0000000008000b10       0x1a Output/Release/Obj/uart_demo/gd32vf103_adc.o
                0x0000000008000b10                adc_resolution_config
 .text.gpio_init
                0x0000000008000b2a       0xb8 Output/Release/Obj/uart_demo/gd32vf103_gpio.o
                0x0000000008000b2a                gpio_init
 .text.rcu_deinit
                0x0000000008000be2       0x68 Output/Release/Obj/uart_demo/gd32vf103_rcu.o
                0x0000000008000be2                rcu_deinit
 .text.rcu_periph_clock_enable
                0x0000000008000c4a       0x18 Output/Release/Obj/uart_demo/gd32vf103_rcu.o
                0x0000000008000c4a                rcu_periph_clock_enable
 .text.rcu_periph_reset_enable
                0x0000000008000c62       0x18 Output/Release/Obj/uart_demo/gd32vf103_rcu.o
                0x0000000008000c62                rcu_periph_reset_enable
 .text.rcu_periph_reset_disable
                0x0000000008000c7a       0x1c Output/Release/Obj/uart_demo/gd32vf103_rcu.o
                0x0000000008000c7a                rcu_periph_reset_disable
 .text.rcu_system_clock_source_config
                0x0000000008000c96        0xe Output/Release/Obj/uart_demo/gd32vf103_rcu.o
                0x0000000008000c96                rcu_system_clock_source_config
 .text.rcu_adc_clock_config
                0x0000000008000ca4       0x46 Output/Release/Obj/uart_demo/gd32vf103_rcu.o
                0x0000000008000ca4                rcu_adc_clock_config
 .text.rcu_clock_freq_get
                0x0000000008000cea      0x13e Output/Release/Obj/uart_demo/gd32vf103_rcu.o
                0x0000000008000cea                rcu_clock_freq_get
 .text.usart_deinit
                0x0000000008000e28       0x8e Output/Release/Obj/uart_demo/gd32vf103_usart.o
                0x0000000008000e28                usart_deinit
 .text.usart_baudrate_set
                0x0000000008000eb6       0x64 Output/Release/Obj/uart_demo/gd32vf103_usart.o
                0x0000000008000eb6                usart_baudrate_set
 .text.usart_parity_config
                0x0000000008000f1a       0x10 Output/Release/Obj/uart_demo/gd32vf103_usart.o
                0x0000000008000f1a                usart_parity_config
 .text.usart_word_length_set
                0x0000000008000f2a       0x12 Output/Release/Obj/uart_demo/gd32vf103_usart.o
                0x0000000008000f2a                usart_word_length_set
 .text.usart_stop_bit_set
                0x0000000008000f3c       0x12 Output/Release/Obj/uart_demo/gd32vf103_usart.o
                0x0000000008000f3c                usart_stop_bit_set
 .text.usart_enable
                0x0000000008000f4e        0xa Output/Release/Obj/uart_demo/gd32vf103_usart.o
                0x0000000008000f4e                usart_enable
 .text.usart_transmit_config
                0x0000000008000f58        0xa Output/Release/Obj/uart_demo/gd32vf103_usart.o
                0x0000000008000f58                usart_transmit_config
 .text.usart_data_transmit
                0x0000000008000f62        0x8 Output/Release/Obj/uart_demo/gd32vf103_usart.o
                0x0000000008000f62                usart_data_transmit
 .text.usart_hardware_flow_rts_config
                0x0000000008000f6a        0xc Output/Release/Obj/uart_demo/gd32vf103_usart.o
                0x0000000008000f6a                usart_hardware_flow_rts_config
 .text.usart_hardware_flow_cts_config
                0x0000000008000f76        0xc Output/Release/Obj/uart_demo/gd32vf103_usart.o
                0x0000000008000f76                usart_hardware_flow_cts_config
 .text.usart_flag_get
                0x0000000008000f82       0x10 Output/Release/Obj/uart_demo/gd32vf103_usart.o
                0x0000000008000f82                usart_flag_get
 *fill*         0x0000000008000f92        0x2 
 .text.trap_entry
                0x0000000008000f94       0x66 Output/Release/Obj/uart_demo/riscv_crt0.o
                0x0000000008000f94                trap_entry
                0x0000000008000ff2                handle_trap
                0x0000000008000ff6                _fini
 .text._init    0x0000000008000ffa       0x1a Output/Release/Obj/uart_demo/init.o
                0x0000000008000ffa                _init
 *fill*         0x0000000008001014        0x0 
 .text.irq      0x0000000008001014       0x72 Output/Release/Obj/uart_demo/entry.o
                0x0000000008001014                irq_entry
 .text.eclic_init
                0x0000000008001086       0x24 Output/Release/Obj/uart_demo/n200_func.o
                0x0000000008001086                eclic_init
 .text.eclic_mode_enable
                0x00000000080010aa       0x12 Output/Release/Obj/uart_demo/n200_func.o
                0x00000000080010aa                eclic_mode_enable
 .text.libc.__mulsf3
                0x00000000080010bc       0xb0 C:/Program Files/SEGGER/SEGGER Embedded Studio for RISC-V 6.12a/lib/libc_rv32imac_balanced.a(floatasmops_rv.o)
                0x00000000080010bc                __mulsf3
 .text.libc.__fixunssfsi
                0x000000000800116c       0x32 C:/Program Files/SEGGER/SEGGER Embedded Studio for RISC-V 6.12a/lib/libc_rv32imac_balanced.a(floatasmops_rv.o)
                0x000000000800116c                __fixunssfsi
 .text.libc.__floatsisf
                0x000000000800119e       0x66 C:/Program Files/SEGGER/SEGGER Embedded Studio for RISC-V 6.12a/lib/libc_rv32imac_balanced.a(floatasmops_rv.o)
                0x000000000800119e                __floatsisf
 .text.__SEGGER_RTL_init_heap
                0x0000000008001204       0x16 C:/Program Files/SEGGER/SEGGER Embedded Studio for RISC-V 6.12a/lib/heapops_basic_rv32imac_balanced.a(heapops_basic.o)
                0x0000000008001204                __SEGGER_RTL_init_heap
                0x000000000800121a                __text_end__ = (__text_start__ + SIZEOF (.text))
                0x0000000000000d7e                __text_size__ = SIZEOF (.text)
                0x000000000800121a                __text_load_end__ = __text_end__
                0x0000000000000001                . = ASSERT (((__text_start__ == __text_end__) || ((__text_end__ - __FLASH1_segment_start__) <= __FLASH1_segment_size__)), error: .text is too large to fit in FLASH1 memory segment)
                0x0000000008001220                __dtors_load_start__ = ALIGN (__text_end__, 0x8)

.dtors          0x0000000008001220        0x0
                0x0000000008001220                __dtors_start__ = .
 *(SORT_BY_NAME(.dtors.*))
 *(.dtors)
 *(.fini_array)
 *(SORT_BY_NAME(.fini_array.*))
                0x0000000008001220                __dtors_end__ = (__dtors_start__ + SIZEOF (.dtors))
                0x0000000000000000                __dtors_size__ = SIZEOF (.dtors)
                0x0000000008001220                __dtors_load_end__ = __dtors_end__
                0x0000000000000001                . = ASSERT (((__dtors_start__ == __dtors_end__) || ((__dtors_end__ - __FLASH1_segment_start__) <= __FLASH1_segment_size__)), error: .dtors is too large to fit in FLASH1 memory segment)
                0x0000000008001220                __ctors_load_start__ = ALIGN (__dtors_end__, 0x8)

.ctors          0x0000000008001220        0x0
                0x0000000008001220                __ctors_start__ = .
 *(SORT_BY_NAME(.ctors.*))
 *(.ctors)
 *(.init_array)
 *(SORT_BY_NAME(.init_array.*))
                0x0000000008001220                __ctors_end__ = (__ctors_start__ + SIZEOF (.ctors))
                0x0000000000000000                __ctors_size__ = SIZEOF (.ctors)
                0x0000000008001220                __ctors_load_end__ = __ctors_end__
                0x0000000000000001                . = ASSERT (((__ctors_start__ == __ctors_end__) || ((__ctors_end__ - __FLASH1_segment_start__) <= __FLASH1_segment_size__)), error: .ctors is too large to fit in FLASH1 memory segment)
                0x0000000008001220                __rodata_load_start__ = ALIGN (__ctors_end__, 0x4)

.rodata         0x0000000008001220       0x2c
                0x0000000008001220                __rodata_start__ = .
 *(.rodata .rodata.* .gnu.linkonce.r.*)
 .rodata.main.str1.4
                0x0000000008001220       0x1a Output/Release/Obj/uart_demo/main.o
 *fill*         0x000000000800123a        0x2 
 .rodata        0x000000000800123c       0x10 Output/Release/Obj/uart_demo/gd32vf103_rcu.o
                0x000000000800124c                __rodata_end__ = (__rodata_start__ + SIZEOF (.rodata))
                0x000000000000002c                __rodata_size__ = SIZEOF (.rodata)
                0x000000000800124c                __rodata_load_end__ = __rodata_end__
                0x0000000000000001                . = ASSERT (((__rodata_start__ == __rodata_end__) || ((__rodata_end__ - __FLASH1_segment_start__) <= __FLASH1_segment_size__)), error: .rodata is too large to fit in FLASH1 memory segment)
                0x000000000800124c                __srodata_load_start__ = ALIGN (__rodata_end__, 0x4)

.srodata        0x000000000800124c        0x8
                0x000000000800124c                __srodata_start__ = .
 *(.srodata .srodata.*)
 .srodata.cst4  0x000000000800124c        0x8 Output/Release/Obj/uart_demo/main.o
                0x0000000008001254                __srodata_end__ = (__srodata_start__ + SIZEOF (.srodata))
                0x0000000000000008                __srodata_size__ = SIZEOF (.srodata)
                0x0000000008001254                __srodata_load_end__ = __srodata_end__

.rela.dyn       0x0000000008000000        0x0
 .rela.init     0x0000000008000000        0x0 Output/Release/Obj/uart_demo/main.o
 .rela.text.trap_entry
                0x0000000008000000        0x0 Output/Release/Obj/uart_demo/main.o
 .rela.vectors  0x0000000008000000        0x0 Output/Release/Obj/uart_demo/main.o
                0x0000000000000001                . = ASSERT (((__srodata_start__ == __srodata_end__) || ((__srodata_end__ - __FLASH1_segment_start__) <= __FLASH1_segment_size__)), error: .srodata is too large to fit in FLASH1 memory segment)
                0x0000000008001254                __eh_frame_load_start__ = ALIGN (__srodata_end__, 0x4)

.eh_frame       0x0000000008001254        0x0
                0x0000000008001254                __eh_frame_start__ = .
 *(.eh_frame .eh_frame.*)
                0x0000000008001254                __eh_frame_end__ = (__eh_frame_start__ + SIZEOF (.eh_frame))
                0x0000000000000000                __eh_frame_size__ = SIZEOF (.eh_frame)
                0x0000000008001254                __eh_frame_load_end__ = __eh_frame_end__
                0x0000000000000001                . = ASSERT (((__eh_frame_start__ == __eh_frame_end__) || ((__eh_frame_end__ - __FLASH1_segment_start__) <= __FLASH1_segment_size__)), error: .eh_frame is too large to fit in FLASH1 memory segment)
                0x0000000008001254                __gcc_except_table_load_start__ = ALIGN (__eh_frame_end__, 0x4)

.gcc_except_table
                0x0000000008001254        0x0
                0x0000000008001254                __gcc_except_table_start__ = .
 *(.gcc_except_table .gcc_except_table.*)
                0x0000000008001254                __gcc_except_table_end__ = (__gcc_except_table_start__ + SIZEOF (.gcc_except_table))
                0x0000000000000000                __gcc_except_table_size__ = SIZEOF (.gcc_except_table)
                0x0000000008001254                __gcc_except_table_load_end__ = __gcc_except_table_end__
                0x0000000000000001                . = ASSERT (((__gcc_except_table_start__ == __gcc_except_table_end__) || ((__gcc_except_table_end__ - __FLASH1_segment_start__) <= __FLASH1_segment_size__)), error: .gcc_except_table is too large to fit in FLASH1 memory segment)
                0x0000000008001254                __exec.itable_load_start__ = ALIGN (__gcc_except_table_end__, 0x4)

.exec.itable    0x0000000008001254        0x0
                0x0000000008001254                __exec.itable_start__ = .
 *(.exec.itable .exec.itable.*)
                0x0000000008001254                __exec.itable_end__ = (__exec.itable_start__ + SIZEOF (.exec.itable))
                0x0000000000000000                __exec.itable_size__ = SIZEOF (.exec.itable)
                0x0000000008001254                __exec.itable_load_end__ = __exec.itable_end__
                0x0000000000000001                . = ASSERT (((__exec.itable_start__ == __exec.itable_end__) || ((__exec.itable_end__ - __FLASH1_segment_start__) <= __FLASH1_segment_size__)), error: .exec.itable is too large to fit in FLASH1 memory segment)
                0x0000000008001254                __fast_load_start__ = ALIGN (__exec.itable_end__, 0x4)

.fast           0x0000000020000000        0x0 load address 0x0000000008001254
                0x0000000020000000                __fast_start__ = .
 *(.fast .fast.*)
                0x0000000020000000                __fast_end__ = (__fast_start__ + SIZEOF (.fast))
                0x0000000000000000                __fast_size__ = SIZEOF (.fast)
                0x0000000008001254                __fast_load_end__ = (__fast_load_start__ + SIZEOF (.fast))
                0x0000000000000001                . = ASSERT (((__fast_load_start__ == __fast_load_end__) || ((__fast_load_end__ - __FLASH1_segment_start__) <= __FLASH1_segment_size__)), error: .fast is too large to fit in FLASH1 memory segment)

.fast_run       0x0000000020000000        0x0
                0x0000000020000000                __fast_run_start__ = .
                0x0000000020000000                __fast_run_end__ = (__fast_run_start__ + SIZEOF (.fast))
                0x0000000000000000                __fast_run_size__ = (__fast_run_end__ - __fast_run_start__)
                0x0000000020000000                __fast_run_load_end__ = __fast_run_end__
                0x0000000000000001                . = ASSERT (((__fast_run_start__ == __fast_run_end__) || ((__fast_run_end__ - __RAM1_segment_start__) <= __RAM1_segment_size__)), error: .fast_run is too large to fit in RAM1 memory segment)
                0x0000000008001254                __data_load_start__ = ALIGN ((__fast_load_start__ + SIZEOF (.fast)), 0x4)

.data           0x0000000020000000        0x0 load address 0x0000000008001254
                0x0000000020000000                __data_start__ = .
 *(.data .data.* .gnu.linkonce.d.*)
                0x0000000020000000                __data_end__ = (__data_start__ + SIZEOF (.data))
                0x0000000000000000                __data_size__ = SIZEOF (.data)
                0x0000000008001254                __data_load_end__ = (__data_load_start__ + SIZEOF (.data))
                0x0000000000000001                . = ASSERT (((__data_load_start__ == __data_load_end__) || ((__data_load_end__ - __FLASH1_segment_start__) <= __FLASH1_segment_size__)), error: .data is too large to fit in FLASH1 memory segment)

.data_run       0x0000000020000000        0x0
                0x0000000020000000                __data_run_start__ = .
                0x0000000020000000                __data_run_end__ = (__data_run_start__ + SIZEOF (.data))
                0x0000000000000000                __data_run_size__ = (__data_run_end__ - __data_run_start__)
                0x0000000020000000                __data_run_load_end__ = __data_run_end__
                0x0000000000000001                . = ASSERT (((__data_run_start__ == __data_run_end__) || ((__data_run_end__ - __RAM1_segment_start__) <= __RAM1_segment_size__)), error: .data_run is too large to fit in RAM1 memory segment)
                0x0000000008001254                __tdata_load_start__ = ALIGN ((__data_load_start__ + SIZEOF (.data)), 0x4)

.tdata          0x0000000020000000        0x0 load address 0x0000000008001254
                0x0000000020000000                __tdata_start__ = .
 *(.tdata .tdata.*)
                0x0000000020000000                __tdata_end__ = (__tdata_start__ + SIZEOF (.tdata))
                0x0000000000000000                __tdata_size__ = SIZEOF (.tdata)
                0x0000000008001254                __tdata_load_end__ = (__tdata_load_start__ + SIZEOF (.tdata))
                0x0000000000000001                . = ASSERT (((__tdata_load_start__ == __tdata_load_end__) || ((__tdata_load_end__ - __FLASH1_segment_start__) <= __FLASH1_segment_size__)), error: .tdata is too large to fit in FLASH1 memory segment)

.tdata_run      0x0000000020000000        0x0
                0x0000000020000000                __tdata_run_start__ = .
                0x0000000020000000                __tdata_run_end__ = (__tdata_run_start__ + SIZEOF (.tdata))
                0x0000000000000000                __tdata_run_size__ = (__tdata_run_end__ - __tdata_run_start__)
                0x0000000020000000                __tdata_run_load_end__ = __tdata_run_end__
                0x0000000000000001                . = ASSERT (((__tdata_run_start__ == __tdata_run_end__) || ((__tdata_run_end__ - __RAM1_segment_start__) <= __RAM1_segment_size__)), error: .tdata_run is too large to fit in RAM1 memory segment)
                0x0000000020000000                __bss_load_start__ = ALIGN (__tdata_run_end__, 0x4)

.bss            0x0000000020000000        0x0
                0x0000000020000000                __bss_start__ = .
 *(.bss .bss.* .gnu.linkonce.b.*)
 *(COMMON)
                0x0000000020000000                __bss_end__ = (__bss_start__ + SIZEOF (.bss))
                0x0000000000000000                __bss_size__ = SIZEOF (.bss)
                0x0000000020000000                __bss_load_end__ = __bss_end__
                0x0000000000000001                . = ASSERT (((__bss_start__ == __bss_end__) || ((__bss_end__ - __RAM1_segment_start__) <= __RAM1_segment_size__)), error: .bss is too large to fit in RAM1 memory segment)
                0x0000000020000000                __tbss_load_start__ = ALIGN (__bss_end__, 0x4)

.tbss           0x0000000020000000        0x0
                0x0000000020000000                __tbss_start__ = .
 *(.tbss .tbss.*)
                0x0000000020000000                __tbss_end__ = (__tbss_start__ + SIZEOF (.tbss))
                0x0000000000000000                __tbss_size__ = SIZEOF (.tbss)
                0x0000000020000000                __tbss_load_end__ = __tbss_end__
                0x0000000000000001                . = ASSERT (((__tbss_start__ == __tbss_end__) || ((__tbss_end__ - __RAM1_segment_start__) <= __RAM1_segment_size__)), error: .tbss is too large to fit in RAM1 memory segment)
                0x0000000008001254                __sdata_load_start__ = ALIGN ((__tdata_load_start__ + SIZEOF (.tdata)), 0x4)

.sdata          0x0000000020000000        0x0 load address 0x0000000008001254
                0x0000000020000000                __sdata_start__ = .
 *(.sdata.* .sdata2.*)
                0x0000000020000000                __sdata_end__ = (__sdata_start__ + SIZEOF (.sdata))
                0x0000000000000000                __sdata_size__ = SIZEOF (.sdata)
                0x0000000008001254                __sdata_load_end__ = (__sdata_load_start__ + SIZEOF (.sdata))
                0x0000000008001254                __FLASH1_segment_used_end__ = (ALIGN ((__tdata_load_start__ + SIZEOF (.tdata)), 0x4) + SIZEOF (.sdata))
                0x0000000000001254                __FLASH1_segment_used_size__ = (__FLASH1_segment_used_end__ - __FLASH1_segment_start__)
                0x0000000000000001                . = ASSERT (((__sdata_load_start__ == __sdata_load_end__) || ((__sdata_load_end__ - __FLASH1_segment_start__) <= __FLASH1_segment_size__)), error: .sdata is too large to fit in FLASH1 memory segment)

.sdata_run      0x0000000020000000        0x0
                0x0000000020000000                __sdata_run_start__ = .
                0x0000000020000000                __sdata_run_end__ = (__sdata_run_start__ + SIZEOF (.sdata))
                0x0000000000000000                __sdata_run_size__ = (__sdata_run_end__ - __sdata_run_start__)
                0x0000000020000000                __sdata_run_load_end__ = __sdata_run_end__
                0x0000000000000001                . = ASSERT (((__sdata_run_start__ == __sdata_run_end__) || ((__sdata_run_end__ - __RAM1_segment_start__) <= __RAM1_segment_size__)), error: .sdata_run is too large to fit in RAM1 memory segment)
                0x0000000020000000                __sbss_load_start__ = ALIGN (__sdata_run_end__, 0x4)

.sbss           0x0000000020000000        0x4
                0x0000000020000000                __sbss_start__ = .
 *(.sbss .sbss.*)
 .sbss.__SEGGER_RTL_heap_globals
                0x0000000020000000        0x4 C:/Program Files/SEGGER/SEGGER Embedded Studio for RISC-V 6.12a/lib/heapops_basic_rv32imac_balanced.a(heapops_basic.o)
                0x0000000020000004                __sbss_end__ = (__sbss_start__ + SIZEOF (.sbss))
                0x0000000000000004                __sbss_size__ = SIZEOF (.sbss)
                0x0000000020000004                __sbss_load_end__ = __sbss_end__
                0x0000000000000001                . = ASSERT (((__sbss_start__ == __sbss_end__) || ((__sbss_end__ - __RAM1_segment_start__) <= __RAM1_segment_size__)), error: .sbss is too large to fit in RAM1 memory segment)
                0x0000000020000004                __non_init_load_start__ = ALIGN (__sbss_end__, 0x4)

.non_init       0x0000000020000004        0x0
                0x0000000020000004                __non_init_start__ = .
 *(.non_init .non_init.*)
                0x0000000020000004                __non_init_end__ = (__non_init_start__ + SIZEOF (.non_init))
                0x0000000000000000                __non_init_size__ = SIZEOF (.non_init)
                0x0000000020000004                __non_init_load_end__ = __non_init_end__
                0x0000000000000001                . = ASSERT (((__non_init_start__ == __non_init_end__) || ((__non_init_end__ - __RAM1_segment_start__) <= __RAM1_segment_size__)), error: .non_init is too large to fit in RAM1 memory segment)
                0x0000000020000010                __heap_load_start__ = ALIGN (__non_init_end__, 0x10)

.heap           0x0000000020000010      0x400
                0x0000000020000010                __heap_start__ = .
 *(.heap .heap.*)
                0x0000000020000410                . = ALIGN (MAX ((__heap_start__ + __HEAPSIZE__), .), 0x10)
 *fill*         0x0000000020000010      0x400 
                0x0000000020000410                __heap_end__ = (__heap_start__ + SIZEOF (.heap))
                0x0000000000000400                __heap_size__ = SIZEOF (.heap)
                0x0000000020000410                __heap_load_end__ = __heap_end__
                0x0000000000000001                . = ASSERT (((__heap_start__ == __heap_end__) || ((__heap_end__ - __RAM1_segment_start__) <= __RAM1_segment_size__)), error: .heap is too large to fit in RAM1 memory segment)
                0x0000000020007c00                __stack_load_start__ = (__RAM1_segment_start__ + (__RAM1_segment_size__ - 0x400))

.stack          0x0000000020007c00      0x400
                0x0000000020007c00                __stack_start__ = .
 *(.stack .stack.*)
                0x0000000020008000                . = ALIGN (MAX ((__stack_start__ + __STACKSIZE__), .), 0x4)
 *fill*         0x0000000020007c00      0x400 
                0x0000000020008000                __stack_end__ = (__stack_start__ + SIZEOF (.stack))
                0x0000000000000400                __stack_size__ = SIZEOF (.stack)
                0x0000000020008000                __stack_load_end__ = __stack_end__
                0x0000000020008000                __RAM1_segment_used_end__ = ((__RAM1_segment_start__ + (__RAM1_segment_size__ - 0x400)) + SIZEOF (.stack))
                0x0000000000008000                __RAM1_segment_used_size__ = (__RAM1_segment_used_end__ - __RAM1_segment_start__)
                0x0000000000000001                . = ASSERT (((__stack_start__ == __stack_end__) || ((__stack_end__ - __RAM1_segment_start__) <= __RAM1_segment_size__)), error: .stack is too large to fit in RAM1 memory segment)
                0x0000000000000001                . = ASSERT ((__heap_end__ <= __stack_start__), error: section .heap overlaps absolute placed section .stack)
START GROUP
LOAD Output/Release/Obj/uart_demo/main.o
LOAD Output/Release/Obj/uart_demo/gd32vf103_adc.o
LOAD Output/Release/Obj/uart_demo/gd32vf103_gpio.o
LOAD Output/Release/Obj/uart_demo/gd32vf103_rcu.o
LOAD Output/Release/Obj/uart_demo/gd32vf103_timer.o
LOAD Output/Release/Obj/uart_demo/gd32vf103_usart.o
LOAD Output/Release/Obj/uart_demo/riscv_crt0.o
LOAD Output/Release/Obj/uart_demo/GD32VF1xx_Startup.o
LOAD Output/Release/Obj/uart_demo/init.o
LOAD Output/Release/Obj/uart_demo/entry.o
LOAD Output/Release/Obj/uart_demo/gd32vf103_eclic.o
LOAD Output/Release/Obj/uart_demo/system_gd32vf103.o
LOAD Output/Release/Obj/uart_demo/n200_func.o
LOAD C:/Program Files/SEGGER/SEGGER Embedded Studio for RISC-V 6.12a/lib/libc_rv32imac_balanced.a
LOAD C:/Program Files/SEGGER/SEGGER Embedded Studio for RISC-V 6.12a/lib/prinops_rtt_rv32imac_balanced.a
LOAD C:/Program Files/SEGGER/SEGGER Embedded Studio for RISC-V 6.12a/lib/heapops_basic_rv32imac_balanced.a
END GROUP
OUTPUT(Output/Release/Exe/uart_demo.elf elf32-littleriscv)

.debug_frame    0x0000000000000000     0x1130
 .debug_frame   0x0000000000000000      0x130 Output/Release/Obj/uart_demo/main.o
 .debug_frame   0x0000000000000130      0x2b4 Output/Release/Obj/uart_demo/gd32vf103_adc.o
 .debug_frame   0x00000000000003e4      0x1bc Output/Release/Obj/uart_demo/gd32vf103_gpio.o
 .debug_frame   0x00000000000005a0      0x2c4 Output/Release/Obj/uart_demo/gd32vf103_rcu.o
 .debug_frame   0x0000000000000864      0x374 Output/Release/Obj/uart_demo/gd32vf103_usart.o
 .debug_frame   0x0000000000000bd8       0x3c Output/Release/Obj/uart_demo/init.o
 .debug_frame   0x0000000000000c14       0x30 Output/Release/Obj/uart_demo/system_gd32vf103.o
 .debug_frame   0x0000000000000c44      0x27c Output/Release/Obj/uart_demo/n200_func.o
 .debug_frame   0x0000000000000ec0      0x270 C:/Program Files/SEGGER/SEGGER Embedded Studio for RISC-V 6.12a/lib/libc_rv32imac_balanced.a(floatasmops_rv.o)

.debug_info     0x0000000000000000     0x4bc8
 .debug_info    0x0000000000000000      0xac4 Output/Release/Obj/uart_demo/main.o
 .debug_info    0x0000000000000ac4      0xaf9 Output/Release/Obj/uart_demo/gd32vf103_adc.o
 .debug_info    0x00000000000015bd      0x6cd Output/Release/Obj/uart_demo/gd32vf103_gpio.o
 .debug_info    0x0000000000001c8a      0xf80 Output/Release/Obj/uart_demo/gd32vf103_rcu.o
 .debug_info    0x0000000000002c0a      0xc44 Output/Release/Obj/uart_demo/gd32vf103_usart.o
 .debug_info    0x000000000000384e       0x22 Output/Release/Obj/uart_demo/riscv_crt0.o
 .debug_info    0x0000000000003870       0x22 Output/Release/Obj/uart_demo/GD32VF1xx_Startup.o
 .debug_info    0x0000000000003892      0x286 Output/Release/Obj/uart_demo/init.o
 .debug_info    0x0000000000003b18       0x22 Output/Release/Obj/uart_demo/entry.o
 .debug_info    0x0000000000003b3a      0x1bd Output/Release/Obj/uart_demo/system_gd32vf103.o
 .debug_info    0x0000000000003cf7      0xed1 Output/Release/Obj/uart_demo/n200_func.o

.debug_abbrev   0x0000000000000000     0x1025
 .debug_abbrev  0x0000000000000000      0x20e Output/Release/Obj/uart_demo/main.o
 .debug_abbrev  0x000000000000020e      0x22e Output/Release/Obj/uart_demo/gd32vf103_adc.o
 .debug_abbrev  0x000000000000043c      0x1f9 Output/Release/Obj/uart_demo/gd32vf103_gpio.o
 .debug_abbrev  0x0000000000000635      0x2ed Output/Release/Obj/uart_demo/gd32vf103_rcu.o
 .debug_abbrev  0x0000000000000922      0x1ca Output/Release/Obj/uart_demo/gd32vf103_usart.o
 .debug_abbrev  0x0000000000000aec       0x12 Output/Release/Obj/uart_demo/riscv_crt0.o
 .debug_abbrev  0x0000000000000afe       0x12 Output/Release/Obj/uart_demo/GD32VF1xx_Startup.o
 .debug_abbrev  0x0000000000000b10       0xb6 Output/Release/Obj/uart_demo/init.o
 .debug_abbrev  0x0000000000000bc6       0x12 Output/Release/Obj/uart_demo/entry.o
 .debug_abbrev  0x0000000000000bd8       0xdf Output/Release/Obj/uart_demo/system_gd32vf103.o
 .debug_abbrev  0x0000000000000cb7      0x36e Output/Release/Obj/uart_demo/n200_func.o

.debug_loc      0x0000000000000000     0x29d0
 .debug_loc     0x0000000000000000       0xc3 Output/Release/Obj/uart_demo/main.o
 .debug_loc     0x00000000000000c3      0x8bb Output/Release/Obj/uart_demo/gd32vf103_adc.o
 .debug_loc     0x000000000000097e      0x440 Output/Release/Obj/uart_demo/gd32vf103_gpio.o
 .debug_loc     0x0000000000000dbe      0xb6d Output/Release/Obj/uart_demo/gd32vf103_rcu.o
 .debug_loc     0x000000000000192b      0x580 Output/Release/Obj/uart_demo/gd32vf103_usart.o
 .debug_loc     0x0000000000001eab      0x1e9 Output/Release/Obj/uart_demo/system_gd32vf103.o
 .debug_loc     0x0000000000002094      0x93c Output/Release/Obj/uart_demo/n200_func.o

.debug_pubnames
                0x0000000000000000     0x2386
 .debug_pubnames
                0x0000000000000000      0x344 Output/Release/Obj/uart_demo/main.o
 .debug_pubnames
                0x0000000000000344      0x6a5 Output/Release/Obj/uart_demo/gd32vf103_adc.o
 .debug_pubnames
                0x00000000000009e9      0x3da Output/Release/Obj/uart_demo/gd32vf103_gpio.o
 .debug_pubnames
                0x0000000000000dc3      0x61a Output/Release/Obj/uart_demo/gd32vf103_rcu.o
 .debug_pubnames
                0x00000000000013dd      0x729 Output/Release/Obj/uart_demo/gd32vf103_usart.o
 .debug_pubnames
                0x0000000000001b06      0x4c3 Output/Release/Obj/uart_demo/init.o
 .debug_pubnames
                0x0000000000001fc9       0x83 Output/Release/Obj/uart_demo/system_gd32vf103.o
 .debug_pubnames
                0x000000000000204c      0x33a Output/Release/Obj/uart_demo/n200_func.o

.debug_pubtypes
                0x0000000000000000      0x7f4
 .debug_pubtypes
                0x0000000000000000       0xce Output/Release/Obj/uart_demo/main.o
 .debug_pubtypes
                0x00000000000000ce       0xef Output/Release/Obj/uart_demo/gd32vf103_adc.o
 .debug_pubtypes
                0x00000000000001bd       0xfe Output/Release/Obj/uart_demo/gd32vf103_gpio.o
 .debug_pubtypes
                0x00000000000002bb      0x1b7 Output/Release/Obj/uart_demo/gd32vf103_rcu.o
 .debug_pubtypes
                0x0000000000000472       0xf1 Output/Release/Obj/uart_demo/gd32vf103_usart.o
 .debug_pubtypes
                0x0000000000000563       0xc7 Output/Release/Obj/uart_demo/init.o
 .debug_pubtypes
                0x000000000000062a       0xce Output/Release/Obj/uart_demo/system_gd32vf103.o
 .debug_pubtypes
                0x00000000000006f8       0xfc Output/Release/Obj/uart_demo/n200_func.o

.debug_aranges  0x0000000000000000      0x6b8
 .debug_aranges
                0x0000000000000000       0x40 Output/Release/Obj/uart_demo/main.o
 .debug_aranges
                0x0000000000000040      0x140 Output/Release/Obj/uart_demo/gd32vf103_adc.o
 .debug_aranges
                0x0000000000000180       0xa0 Output/Release/Obj/uart_demo/gd32vf103_gpio.o
 .debug_aranges
                0x0000000000000220      0x110 Output/Release/Obj/uart_demo/gd32vf103_rcu.o
 .debug_aranges
                0x0000000000000330      0x170 Output/Release/Obj/uart_demo/gd32vf103_usart.o
 .debug_aranges
                0x00000000000004a0       0x40 Output/Release/Obj/uart_demo/riscv_crt0.o
 .debug_aranges
                0x00000000000004e0       0x28 Output/Release/Obj/uart_demo/GD32VF1xx_Startup.o
 .debug_aranges
                0x0000000000000508       0x20 Output/Release/Obj/uart_demo/init.o
 .debug_aranges
                0x0000000000000528       0x28 Output/Release/Obj/uart_demo/entry.o
 .debug_aranges
                0x0000000000000550       0x28 Output/Release/Obj/uart_demo/system_gd32vf103.o
 .debug_aranges
                0x0000000000000578      0x140 Output/Release/Obj/uart_demo/n200_func.o

.debug_ranges   0x0000000000000000      0x980
 .debug_ranges  0x0000000000000000       0xa8 Output/Release/Obj/uart_demo/main.o
 .debug_ranges  0x00000000000000a8      0x130 Output/Release/Obj/uart_demo/gd32vf103_adc.o
 .debug_ranges  0x00000000000001d8       0x90 Output/Release/Obj/uart_demo/gd32vf103_gpio.o
 .debug_ranges  0x0000000000000268      0x1d8 Output/Release/Obj/uart_demo/gd32vf103_rcu.o
 .debug_ranges  0x0000000000000440      0x160 Output/Release/Obj/uart_demo/gd32vf103_usart.o
 .debug_ranges  0x00000000000005a0       0x38 Output/Release/Obj/uart_demo/riscv_crt0.o
 .debug_ranges  0x00000000000005d8       0x20 Output/Release/Obj/uart_demo/GD32VF1xx_Startup.o
 .debug_ranges  0x00000000000005f8       0x10 Output/Release/Obj/uart_demo/init.o
 .debug_ranges  0x0000000000000608       0x20 Output/Release/Obj/uart_demo/entry.o
 .debug_ranges  0x0000000000000628       0x38 Output/Release/Obj/uart_demo/system_gd32vf103.o
 .debug_ranges  0x0000000000000660      0x320 Output/Release/Obj/uart_demo/n200_func.o

.debug_line     0x0000000000000000     0x6e79
 .debug_line    0x0000000000000000      0x9cd Output/Release/Obj/uart_demo/main.o
 .debug_line    0x00000000000009cd     0x1556 Output/Release/Obj/uart_demo/gd32vf103_adc.o
 .debug_line    0x0000000000001f23      0xbed Output/Release/Obj/uart_demo/gd32vf103_gpio.o
 .debug_line    0x0000000000002b10     0x13d9 Output/Release/Obj/uart_demo/gd32vf103_rcu.o
 .debug_line    0x0000000000003ee9      0xe02 Output/Release/Obj/uart_demo/gd32vf103_usart.o
 .debug_line    0x0000000000004ceb      0x3c5 Output/Release/Obj/uart_demo/riscv_crt0.o
 .debug_line    0x00000000000050b0       0xff Output/Release/Obj/uart_demo/GD32VF1xx_Startup.o
 .debug_line    0x00000000000051af      0x134 Output/Release/Obj/uart_demo/init.o
 .debug_line    0x00000000000052e3      0x11e Output/Release/Obj/uart_demo/entry.o
 .debug_line    0x0000000000005401      0x7fa Output/Release/Obj/uart_demo/system_gd32vf103.o
 .debug_line    0x0000000000005bfb     0x127e Output/Release/Obj/uart_demo/n200_func.o

.debug_str      0x0000000000000000     0x254c
 .debug_str     0x0000000000000000      0x67c Output/Release/Obj/uart_demo/main.o
                                        0x6a3 (size before relaxing)
 .debug_str     0x000000000000067c      0x5d6 Output/Release/Obj/uart_demo/gd32vf103_adc.o
                                        0x8a5 (size before relaxing)
 .debug_str     0x0000000000000c52      0x1ed Output/Release/Obj/uart_demo/gd32vf103_gpio.o
                                        0x58d (size before relaxing)
 .debug_str     0x0000000000000e3f      0x8cd Output/Release/Obj/uart_demo/gd32vf103_rcu.o
                                        0xdf4 (size before relaxing)
 .debug_str     0x000000000000170c      0x42f Output/Release/Obj/uart_demo/gd32vf103_usart.o
                                        0x957 (size before relaxing)
 .debug_str     0x0000000000001b3b       0x3e Output/Release/Obj/uart_demo/riscv_crt0.o
                                         0x63 (size before relaxing)
 .debug_str     0x0000000000001b79       0x4a Output/Release/Obj/uart_demo/GD32VF1xx_Startup.o
                                         0x7b (size before relaxing)
 .debug_str     0x0000000000001bc3      0x411 Output/Release/Obj/uart_demo/init.o
                                        0x593 (size before relaxing)
 .debug_str     0x0000000000001fd4       0x45 Output/Release/Obj/uart_demo/entry.o
                                         0x76 (size before relaxing)
 .debug_str     0x0000000000002019      0x1ae Output/Release/Obj/uart_demo/system_gd32vf103.o
                                        0x299 (size before relaxing)
 .debug_str     0x00000000000021c7      0x385 Output/Release/Obj/uart_demo/n200_func.o
                                        0x589 (size before relaxing)

.comment        0x0000000000000000       0x41
 .comment       0x0000000000000000       0x41 Output/Release/Obj/uart_demo/main.o
                                         0x42 (size before relaxing)
 .comment       0x0000000000000041       0x42 Output/Release/Obj/uart_demo/gd32vf103_adc.o
 .comment       0x0000000000000041       0x42 Output/Release/Obj/uart_demo/gd32vf103_gpio.o
 .comment       0x0000000000000041       0x42 Output/Release/Obj/uart_demo/gd32vf103_rcu.o
 .comment       0x0000000000000041       0x42 Output/Release/Obj/uart_demo/gd32vf103_usart.o
 .comment       0x0000000000000041       0x42 Output/Release/Obj/uart_demo/init.o
 .comment       0x0000000000000041       0x42 Output/Release/Obj/uart_demo/system_gd32vf103.o
 .comment       0x0000000000000041       0x42 Output/Release/Obj/uart_demo/n200_func.o
 .comment       0x0000000000000041       0x42 C:/Program Files/SEGGER/SEGGER Embedded Studio for RISC-V 6.12a/lib/heapops_basic_rv32imac_balanced.a(heapops_basic.o)

.riscv.attributes
                0x0000000000000000       0x2f
 .riscv.attributes
                0x0000000000000000       0x2b Output/Release/Obj/uart_demo/main.o
 .riscv.attributes
                0x000000000000002b       0x2b Output/Release/Obj/uart_demo/gd32vf103_adc.o
 .riscv.attributes
                0x0000000000000056       0x2b Output/Release/Obj/uart_demo/gd32vf103_gpio.o
 .riscv.attributes
                0x0000000000000081       0x2b Output/Release/Obj/uart_demo/gd32vf103_rcu.o
 .riscv.attributes
                0x00000000000000ac       0x2b Output/Release/Obj/uart_demo/gd32vf103_usart.o
 .riscv.attributes
                0x00000000000000d7       0x2d Output/Release/Obj/uart_demo/riscv_crt0.o
 .riscv.attributes
                0x0000000000000104       0x2d Output/Release/Obj/uart_demo/GD32VF1xx_Startup.o
 .riscv.attributes
                0x0000000000000131       0x2f Output/Release/Obj/uart_demo/init.o
 .riscv.attributes
                0x0000000000000160       0x2d Output/Release/Obj/uart_demo/entry.o
 .riscv.attributes
                0x000000000000018d       0x2b Output/Release/Obj/uart_demo/system_gd32vf103.o
 .riscv.attributes
                0x00000000000001b8       0x2f Output/Release/Obj/uart_demo/n200_func.o
 .riscv.attributes
                0x00000000000001e7       0x29 C:/Program Files/SEGGER/SEGGER Embedded Studio for RISC-V 6.12a/lib/libc_rv32imac_balanced.a(floatasmops_rv.o)
 .riscv.attributes
                0x0000000000000210       0x2b C:/Program Files/SEGGER/SEGGER Embedded Studio for RISC-V 6.12a/lib/heapops_basic_rv32imac_balanced.a(heapops_basic.o)
